// Jest Snapshot v1, https://goo.gl/fbAQLP

exports[`Spinner should be render as a element 1`] = `
<div class="fect-spinner">
  <div class="fect-spinner__container"><span></span><span></span><span></span><span></span><span></span><span></span><span></span><span></span><span></span><span></span><span></span><span></span></div>
</div>
`;
