// Jest Snapshot v1, https://goo.gl/fbAQLP

exports[`Tabs should be change acitve value when tab trigger 1`] = `
<div class="fect-tabs" modelvalue="0" modelmodifiers="[object Object]">
  <header class="fect-tabs__header ">
    <div role="button" class="fect-tabs__title ">HTML</div>
    <div role="button" class="fect-tabs__title active">JS</div>
  </header>
  <div class="fect-tab none">HTML</div>
  <div class="fect-tab ">JS</div>
</div>
`;

exports[`Tabs should be disabled all events 1`] = `
<div class="fect-tabs" modelvalue="0" modelmodifiers="[object Object]">
  <header class="fect-tabs__header fect-tabs__header--hide-divider">
    <div role="button" class="fect-tabs__title active disabled">HTML</div>
    <div role="button" class="fect-tabs__title ">JS</div>
  </header>
  <div class="fect-tab ">HTML</div>
  <div class="fect-tab none">JS</div>
</div>
`;
