// Jest Snapshot v1, https://goo.gl/fbAQLP

exports[`User should render as normal 1`] = `
<div class="fect-user">
  <div class="fect-avatar small ">
    <!----><span class="fect-avatar-text">Kan</span>
  </div>
  <div class="fect-user__names"><span class="name">kanno</span><span class="social"><!----></span></div>
</div>
`;
