// Jest Snapshot v1, https://goo.gl/fbAQLP

exports[`Tag component props should be work correctly 1`] = `
<div class="container">
  <div class="fect-tag fect-tag--success fect-tag--invert" type-data="success">hello world</div>
</div>
`;
