// Jest Snapshot v1, https://goo.gl/fbAQLP

exports[`CheckboxGroup should be support useRow 1`] = `
<div class="fect-checkbox__group useRow">
  <!---->
</div>
`;
