// Jest Snapshot v1, https://goo.gl/fbAQLP

exports[`BackTop normal props and slots should work correctly 1`] = `
<div class="container" style="height: 500px;">
  <div class="fect-back-top " style="right: 50px; bottom: 50px;">
    <!---->
  </div>
</div>
`;

exports[`BackTop scroll event should be work 1`] = `
<div class="container" style="height: 500px;">
  <div class="fect-back-top " style="right: 50px; bottom: 50px;">
    <!---->
  </div>
</div>
`;

exports[`BackTop should be render as a element 1`] = `
<div class="container" style="height: 500px;">
  <div class="fect-back-top " style="right: 50px; bottom: 50px;">
    <!---->
  </div>
</div>
`;
