// Jest Snapshot v1, https://goo.gl/fbAQLP

exports[`BadgeAnchor should be render as a context  1`] = `
<div class="container">
  <div class="fect-badge__anchor">
    <p>Test Message</p><sup style="position: absolute; top: 0px; right: 0px; transform: translate(50%, -50%); transform-origin: 100% 0%; z-index: 1;">
      <div class="fect-dot fect-badge__dot"><span class="fect-dot__circle fect-dot__circle--default"></span><span class="fect-dot__ctx"><!----></span></div>
    </sup>
  </div>
</div>
`;
