// Jest Snapshot v1, https://goo.gl/fbAQLP

exports[`Radio should be support noraml props like size , disabled , useRow 1`] = `
<div class="container">
  <div class="fect-radio__group useRow">
    <div class="fect-radio" style="--radioSize: 12px;"><label class="disabled"><input type="radio" disabled=""><span class="fect-radio__name"><span class="fect-radio__point disabled "></span>Test</span></label></div>
    <div class="fect-radio" style="--radioSize: 12px;"><label class="disabled"><input type="radio" disabled=""><span class="fect-radio__name"><span class="fect-radio__point disabled "></span>Test1</span></label></div>
  </div>
</div>
`;
