// Jest Snapshot v1, https://goo.gl/fbAQLP

exports[`Switch component props should be work correctly 1`] = `
<div class="container"><label class="fect-switch mini disabled"><input class="fect-switch__checkbox mini" type="checkBox" disabled="">
    <div class="fect-switch__slider mini disabled"></div>
  </label></div>
`;
