// Jest Snapshot v1, https://goo.gl/fbAQLP

exports[`Badge should be supprot noramlize props 1`] = `<div class="container"><span type-data="success" class="fect-dot fect-badge" style="font-size: 16px;"><!----></span></div>`;
